// Jest Snapshot v1, https://goo.gl/fbAQLP

exports[`HostReportsIndexPage redering render with minimal props 1`] = `
<PageLayout
  header="Host Reports"
  isLoading={false}
  onBookmarkClick={[MockFunction]}
  onSearch={[MockFunction]}
  searchProps={
    Object {
      "autocomplete": Object {
        "id": "searchBar",
        "searchQuery": "",
        "url": "host_reports/auto_complete_search",
        "useKeyShortcuts": true,
      },
      "bookmarks": Object {
        "canCreateBookmarks": true,
        "documentationUrl": "4.1.5Searching",
        "url": "/api/bookmarks",
      },
      "controller": "host_reports",
    }
  }
  searchQuery=""
  searchable={true}
  toolbarButtons={
    <ExportButton
      title="Export"
      url="/api/v2/host_reports/export"
    />
  }
>
  <WrappedHostReportsTable
    fetchAndPush={[MockFunction]}
    hostId="1"
    itemCount={1}
    pagination={
      Object {
        "page": 1,
        "perPage": 20,
      }
    }
    reloadWithSearch={[MockFunction]}
    results={
      Array [
        Object {
          "change": 0,
          "failure": 0,
          "format": "plain",
          "hostId": "1",
          "hostName": "foreman.example.com",
          "id": "1",
          "nochange": 0,
          "proxyId": "1",
          "proxyName": "foreman.example.com",
          "reportedAt": "2021-01-19T12:34:02.841645028Z",
        },
      ]
    }
    setToDelete={[Function]}
    sort={Object {}}
    toDelete={Object {}}
  />
</PageLayout>
`;
